// Jest Snapshot v1, https://goo.gl/fbAQLP

exports[`SplitButton for mint and aegean themes renders styles correctly 1`] = `
.c5 {
  position: relative;
  color: #008200;
  background-color: transparent;
  vertical-align: middle;
  -webkit-align-items: center;
  -webkit-box-align: center;
  -ms-flex-align: center;
  align-items: center;
  display: -webkit-inline-box;
  display: -webkit-inline-flex;
  display: -ms-inline-flexbox;
  display: inline-flex;
  -webkit-box-pack: center;
  -webkit-justify-content: center;
  -ms-flex-pack: center;
  justify-content: center;
  height: 16px;
  width: 16px;
}

.c5::before {
  -webkit-font-smoothing: antialiased;
  -moz-osx-font-smoothing: grayscale;
  font-family: CarbonIcons;
  content: "\\e910";
  font-size: 16px;
  font-style: normal;
  font-weight: normal;
  line-height: 16px;
  vertical-align: middle;
  display: block;
}

.c2 {
  padding-left: 24px;
  padding-right: 24px;
  margin: 0;
  -webkit-align-items: center;
  -webkit-box-align: center;
  -ms-flex-align: center;
  align-items: center;
  cursor: pointer;
  display: -webkit-inline-box;
  display: -webkit-inline-flex;
  display: -ms-inline-flexbox;
  display: inline-flex;
  -webkit-flex-direction: column;
  -ms-flex-direction: column;
  flex-direction: column;
  -webkit-flex-flow: wrap;
  -ms-flex-flow: wrap;
  flex-flow: wrap;
  border-radius: 0;
  -webkit-box-pack: center;
  -webkit-justify-content: center;
  -ms-flex-pack: center;
  justify-content: center;
  vertical-align: middle;
  outline-offset: 0;
  border: 2px solid transparent;
  box-sizing: border-box;
  font-weight: 600;
  -webkit-text-decoration: none;
  text-decoration: none;
  background: transparent;
  border-color: var(--colorsActionMajor500);
  color: var(--colorsActionMajor500);
  font-size: var(--fontSizes100);
  min-height: 40px;
}

.c2:focus {
  outline: solid 3px var(--colorsSemanticFocus500);
}

.c2 .c4 {
  color: var(--colorsActionMajor500);
}

.c2:hover {
  background: var(--colorsActionMajor600);
  border-color: var(--colorsActionMajorTransparent);
  color: var(--colorsActionMajorYang100);
}

.c2:hover .c4 {
  color: var(--colorsActionMajorYang100);
}

.c2 .c4 {
  margin-left: 0px;
  margin-right: var(--spacing100);
  margin-bottom: 0px;
  height: 16px;
}

.c2 .c4 svg {
  margin-top: 0;
}

.c6 .c4 {
  color: var(--colorsActionMajor500);
}

.c6:hover .c4 {
  color: var(--colorsActionMajorYang100);
}

.c6 .c4 {
  margin-left: 0px;
  margin-right: 0px;
  margin-bottom: 0px;
  height: 16px;
}

.c6 .c4 svg {
  margin-top: 0;
}

.c0 {
  display: inline-block;
  position: relative;
}

.c0 > .c1 {
  margin: 0;
}

.c0 > .c1:focus {
  border: 3px solid var(--colorsSemanticFocus500);
  outline: none;
  margin: -1px;
}

.c7 > .c1 {
  margin: 0;
}

.c7 > .c1:focus {
  border: 3px solid var(--colorsSemanticFocus500);
  outline: none;
  margin: -1px;
}

.c8 > .c1 {
  margin: 0;
}

.c8 > .c1:focus {
  border: 3px solid var(--colorsSemanticFocus500);
  outline: none;
  margin: -1px;
}

.c9 > .c1 {
  margin: 0;
}

.c9 > .c1:focus {
  border: 3px solid var(--colorsSemanticFocus500);
  outline: none;
  margin: -1px;
}

.c10 > .c1 {
  margin: 0;
}

.c10 > .c1:focus {
  border: 3px solid var(--colorsSemanticFocus500);
  outline: none;
  margin: -1px;
}

.c11 > .c1 {
  margin: 0;
}

.c11 > .c1:focus {
  border: 3px solid var(--colorsSemanticFocus500);
  outline: none;
  margin: -1px;
}

.c12 > .c1 {
  margin: 0;
}

.c12 > .c1:focus {
  border: 3px solid var(--colorsSemanticFocus500);
  outline: none;
  margin: -1px;
}

.c13 > .c1 {
  margin: 0;
}

.c13 > .c1:focus {
  border: 3px solid var(--colorsSemanticFocus500);
  outline: none;
  margin: -1px;
}

.c3 {
  -webkit-align-items: center;
  -webkit-box-align: center;
  -ms-flex-align: center;
  align-items: center;
  cursor: pointer;
  display: -webkit-inline-box;
  display: -webkit-inline-flex;
  display: -ms-inline-flexbox;
  display: inline-flex;
  -webkit-flex-direction: column;
  -ms-flex-direction: column;
  flex-direction: column;
  -webkit-flex-flow: wrap;
  -ms-flex-flow: wrap;
  flex-flow: wrap;
  border-radius: 0;
  -webkit-box-pack: center;
  -webkit-justify-content: center;
  -ms-flex-pack: center;
  justify-content: center;
  vertical-align: middle;
  outline-offset: 0;
  border: 2px solid transparent;
  box-sizing: border-box;
  font-weight: 600;
  -webkit-text-decoration: none;
  text-decoration: none;
  background: transparent;
  border-color: var(--colorsActionMajor500);
  color: var(--colorsActionMajor500);
  font-size: var(--fontSizes100);
  min-height: 40px;
  border-left-width: 0;
  padding: 0 10px;
}

.c3:focus {
  outline: solid 3px var(--colorsSemanticFocus500);
}

.c3 .c4 {
  color: var(--colorsActionMajor500);
}

.c3:hover {
  background: var(--colorsActionMajor600);
  border-color: var(--colorsActionMajorTransparent);
  color: var(--colorsActionMajorYang100);
}

.c3:hover .c4 {
  color: var(--colorsActionMajorYang100);
}

.c3 .c4 {
  margin-left: 0px;
  margin-right: 0px;
  margin-bottom: 0px;
  height: 16px;
}

.c3 .c4 svg {
  margin-top: 0;
}

.c1 + .c3 {
  margin-left: 0;
}

.c1 + .c3:focus {
  margin-left: -3px;
}

.c1 + .c3 .c4 {
  margin-left: 0;
}

.c14 .c4 {
  color: var(--colorsActionMajor500);
}

.c14:hover .c4 {
  color: var(--colorsActionMajorYang100);
}

.c14 .c4 {
  margin-left: 0px;
  margin-right: 0px;
  margin-bottom: 0px;
  height: 16px;
}

.c14 .c4 svg {
  margin-top: 0;
}

.c14,
.c14 .c4 {
  color: var(--colorsActionMajorYang100);
}

.c1 + .c14 {
  margin-left: 0;
}

.c1 + .c14:focus {
  margin-left: -3px;
}

.c1 + .c14 .c4 {
  margin-left: 0;
}

.c15 .c1 {
  background-color: var(--colorsActionMajorYang100);
  border: 1px solid var(--colorsActionMajorTransparent);
  color: var(--colorsActionMajor500);
  display: block;
  margin-left: 0;
  min-width: 100%;
  text-align: left;
  z-index: 1000;
}

.c15 .c1:focus,
.c15 .c1:hover {
  color: var(--colorsActionMajorYang100);
  background-color: var(--colorsActionMajor600);
}

.c15 .c1 + .c17 .c1 {
  margin-top: 3px;
}

.c16 .c1 {
  background-color: var(--colorsActionMajorYang100);
  border: 1px solid var(--colorsActionMajorTransparent);
  color: var(--colorsActionMajor500);
  display: block;
  margin-left: 0;
  min-width: 100%;
  z-index: 1000;
}

.c16 .c1:focus,
.c16 .c1:hover {
  color: var(--colorsActionMajorYang100);
  background-color: var(--colorsActionMajor600);
}

.c16 .c1 + .c17 .c1 {
  margin-top: 3px;
}

<div
  aria-haspopup="true"
  className="c0"
  data-component="split-button"
  data-element="bar"
  data-role="baz"
  onMouseLeave={[Function]}
>
  <button
    className="c1 c2"
    data-component="button"
    data-element="main-button"
    disabled={false}
    draggable={false}
    id="guid-12345"
    onFocus={[Function]}
    onMouseEnter={[Function]}
    onTouchStart={[Function]}
    role="button"
    size="medium"
    type="button"
  >
    <span>
      <span
        data-element="main-text"
      >
        Split button
      </span>
    </span>
  </button>
  <button
    aria-expanded={false}
    aria-haspopup="true"
    aria-label="Show more"
    className="c1 c3"
    data-element="toggle-button"
    disabled={false}
    onBlur={[Function]}
    onFocus={[Function]}
    onKeyDown={[Function]}
    onMouseEnter={[Function]}
    onTouchStart={[Function]}
    size="medium"
    type="button"
  >
    <span
      className="c4 c5"
      color="#008200"
      data-component="icon"
      data-element="dropdown"
      disabled={false}
      fontSize="small"
      type="dropdown"
    />
  </button>
</div>
`;
